Detecting compiler hash for triplet arm64-osx...
Compiler found: /usr/bin/c++
The following packages are already installed:
  * asio:arm64-osx@1.32.0
    crow:arm64-osx@1.3.3
    fmt:arm64-osx@12.2.0#1
    nlohmann-json:arm64-osx@3.12.0#2
  * vcpkg-cmake:arm64-osx@2025-08-07
  * vcpkg-cmake-config:arm64-osx@2026-07-21
crow provides CMake targets:

  # this is heuristically generated, and may not be correct
  find_package(Crow CONFIG REQUIRED)
  target_link_libraries(main PRIVATE Crow::Crow)

The package fmt provides CMake targets:

    find_package(fmt CONFIG REQUIRED)
    target_link_libraries(main PRIVATE fmt::fmt)

    # Or use the header-only version
    find_package(fmt CONFIG REQUIRED)
    target_link_libraries(main PRIVATE fmt::fmt-header-only)

The package nlohmann-json provides CMake targets:

    find_package(nlohmann_json CONFIG REQUIRED)
    target_link_libraries(main PRIVATE nlohmann_json::nlohmann_json)

The package nlohmann-json can be configured to not provide implicit conversions via a custom triplet file:

    set(nlohmann-json_IMPLICIT_CONVERSIONS OFF)

For more information, see the docs here:
    
    https://json.nlohmann.me/api/macros/json_use_implicit_conversions/

All requested installations completed successfully in: 101 us
